// Jest Snapshot v1, https://jestjs.io/docs/snapshot-testing

exports[`<fbt:list> 1`] = `"Available Locations: Tokyo, London and Vienna."`;

exports[`fbt.list() 1`] = `"Available Locations: Tokyo, London and Vienna"`;
