// Jest Snapshot v1, https://goo.gl/fbAQLP

exports[`Test enum hash keys generation should generate single hash key for fbt with enum under regular mode 1`] = `
"import { fbt } from "fbtee";
fbt._({
  "a": "Foo A",
  "b": "Foo B",
  "c": "Foo C"
}, [fbt._enum('a', {
  "a": "A",
  "b": "B",
  "c": "C"
})], {
  hk: "NT3sR"
});"
`;

exports[`Test hash key generation should auto import for <fbs> 1`] = `
"import { fbs } from "fbtee";
fbs._("test", null, {
  hk: "2zCyVJ"
});"
`;

exports[`Test hash key generation should auto import for <fbt> 1`] = `
"import { fbt } from "fbtee";
fbt._("{two lines} test", [fbt._param("two lines", /*#__PURE__*/React.createElement("b", null, fbt._("simple", null, {
  hk: "2pjKFw"
})))], {
  hk: "2xRGl8"
});"
`;

exports[`Test hash key generation should generate hash key for nested fbts 1`] = `
"import { fbt } from "fbtee";
fbt._("{two lines} test", [fbt._param("two lines", /*#__PURE__*/React.createElement("b", null, fbt._("simple", null, {
  hk: "2pjKFw"
})))], {
  hk: "2xRGl8"
});"
`;

exports[`Test hash key generation should generate hash key for simply string 1`] = `
"import { fbt } from "fbtee";
fbt._("Foo", null, {
  hk: "3ktBJ2"
});"
`;

exports[`Test replacing clear token names with mangled tokens 1`] = `
"var fbt_sv_arg_0;
import { fbt } from "fbtee";
fbt_sv_arg_0 = fbt._plural(ex1.count, "number"), fbt._({
  "*": "{=m0} friends {=m2}{number} photos",
  "_1": "{=m0} friends {=m2} a photo"
}, [fbt_sv_arg_0, fbt._implicitParam("=m0", /*#__PURE__*/React.createElement("b", null, fbt._({
  "*": "Your",
  "_1": "Your"
}, [fbt_sv_arg_0], {
  hk: "3AIVHA"
}))), fbt._implicitParam("=m2", /*#__PURE__*/React.createElement("b", null, fbt._({
  "*": "shared",
  "_1": "shared"
}, [fbt_sv_arg_0], {
  hk: "3CHy8o"
})))], {
  hk: "2mDoBt"
});"
`;
